    Checking cfg-if v1.0.4
    Checking smallvec v1.15.2
    Checking itoa v1.0.18
    Checking pin-project-lite v0.2.17
   Compiling find-msvc-tools v0.1.11
   Compiling shlex v2.0.1
    Checking scopeguard v1.2.0
    Checking libc v0.2.189
   Compiling syn v3.0.4
   Compiling syn v2.0.119
    Checking futures-core v0.3.34
    Checking lock_api v0.4.14
    Checking bytes v1.12.1
    Checking serde_core v1.0.229
    Checking once_cell v1.21.4
   Compiling pkg-config v0.3.34
   Compiling dunce v1.0.5
    Checking zeroize v1.9.0
    Checking futures-sink v0.3.34
   Compiling fs_extra v1.3.0
    Checking zmij v1.0.23
    Checking stable_deref_trait v1.2.1
    Checking errno v0.3.14
    Checking parking_lot_core v0.9.12
   Compiling jobserver v0.1.35
    Checking signal-hook-registry v1.4.8
    Checking parking_lot v0.12.5
    Checking mio v1.2.2
    Checking socket2 v0.6.5
   Compiling cc v1.4.4
    Checking subtle v2.6.1
    Checking futures-task v0.3.34
    Checking slab v0.4.12
    Checking memchr v2.8.3
    Checking getrandom v0.4.3
    Checking rustls-pki-types v1.15.1
    Checking tracing-core v0.1.36
   Compiling aws-lc-rs v1.18.1
    Checking getrandom v0.2.17
    Checking untrusted v0.9.0
    Checking http v1.5.0
    Checking log v0.4.34
    Checking percent-encoding v2.3.2
   Compiling rustls v0.23.43
   Compiling httparse v1.10.1
    Checking litemap v0.8.3
    Checking try-lock v0.2.5
    Checking tower-service v0.3.3
    Checking writeable v0.6.4
    Checking want v0.3.1
    Checking futures-channel v0.3.34
    Checking utf8_iter v1.0.4
   Compiling icu_normalizer_data v2.3.0
   Compiling icu_properties_data v2.3.0
    Checking atomic-waker v1.1.2
    Checking httpdate v1.0.3
    Checking base64 v0.22.1
    Checking ipnet v2.12.1
    Checking http-body v1.1.0
    Checking http-body-util v0.1.5
    Checking bitflags v2.13.1
   Compiling cmake v0.1.58
    Checking form_urlencoded v1.2.2
    Checking sync_wrapper v1.0.2
    Checking tower-layer v0.3.3
    Checking webpki-roots v1.0.9
    Checking ryu v1.0.23
    Checking typenum v1.20.1
    Checking cpufeatures v0.2.17
    Checking rustls-pemfile v2.2.0
    Checking core-foundation-sys v0.8.7
    Checking spin v0.9.9
    Checking core-foundation v0.10.1
    Checking serde_json v1.0.151
    Checking uuid v1.25.0
    Checking security-framework-sys v2.17.0
   Compiling aws-lc-sys v0.45.0
   Compiling ring v0.17.14
    Checking generic-array v0.14.7
    Checking security-framework v3.7.0
    Checking flume v0.11.1
    Checking fixedbitset v0.5.7
    Checking block-buffer v0.10.4
    Checking crypto-common v0.1.7
    Checking regex-syntax v0.8.11
    Checking digest v0.10.7
    Checking lazy_static v1.5.0
    Checking sharded-slab v0.1.7
    Checking sha2 v0.10.9
    Checking hmac v0.12.1
    Checking rustls-native-certs v0.8.4
    Checking tracing-log v0.2.0
    Checking thread_local v1.1.10
    Checking nu-ansi-term v0.50.3
   Compiling synstructure v0.13.2
    Checking regex-automata v0.4.18
   Compiling tokio-macros v2.7.2
   Compiling serde_derive v1.0.229
   Compiling futures-macro v0.3.34
   Compiling thiserror-impl v2.0.20
   Compiling zerovec-derive v0.11.6
   Compiling displaydoc v0.2.7
   Compiling zerofrom-derive v0.1.7
    Checking tokio v1.53.1
   Compiling yoke-derive v0.8.2
    Checking futures-util v0.3.34
   Compiling tracing-attributes v0.1.31
    Checking zerofrom v0.1.8
    Checking thiserror v2.0.20
   Compiling async-trait v0.1.92
    Checking matchers v0.2.0
    Checking tracing v0.1.44
    Checking serde v1.0.229
    Checking yoke v0.8.3
    Checking rustls-webpki v0.102.8
    Checking tracing-subscriber v0.3.23
    Checking tokio-util v0.7.19
    Checking hyper v1.11.0
    Checking tower v0.5.3
    Checking tokio-stream v0.1.19
    Checking hyper-util v0.1.20
    Checking netbaiot-protocol v0.1.0 (/private/tmp/netbaiot-eventbus-c/worktree/crates/netbaiot-protocol)
    Checking serde_urlencoded v0.7.1
    Checking zerovec v0.11.8
    Checking zerotrie v0.2.5
    Checking netbaiot-core v0.1.0 (/private/tmp/netbaiot-eventbus-c/worktree/crates/netbaiot-core)
    Checking netbaiot-runtime v0.1.0 (/private/tmp/netbaiot-eventbus-c/worktree/crates/netbaiot-runtime)
    Checking netbaiot-codecs v0.1.0 (/private/tmp/netbaiot-eventbus-c/worktree/crates/netbaiot-codecs)
    Checking tinystr v0.8.4
    Checking potential_utf v0.1.6
    Checking icu_collections v2.3.0
    Checking icu_locale_core v2.3.0
    Checking icu_provider v2.3.1
    Checking icu_normalizer v2.3.0
    Checking icu_properties v2.3.0
    Checking idna_adapter v1.2.2
    Checking idna v1.1.0
    Checking url v2.5.8
    Checking tower-http v0.6.11
    Checking rustls-webpki v0.103.15
    Checking tokio-rustls v0.26.4
    Checking hyper-rustls v0.27.9
    Checking rumqttc v0.25.1
    Checking netbaiot-transports v0.1.0 (/private/tmp/netbaiot-eventbus-c/worktree/crates/netbaiot-transports)
    Checking reqwest v0.12.28
    Checking netbaiot-client v0.1.0 (/private/tmp/netbaiot-eventbus-c/worktree/crates/netbaiot-client)
    Checking netbaiot-loadgen v0.1.0 (/private/tmp/netbaiot-eventbus-c/worktree/tools/netbaiot-loadgen)
    Checking netbaiot-device-sdk v0.1.0 (/private/tmp/netbaiot-eventbus-c/worktree/crates/netbaiot-device-sdk)
    Checking netbaiot-cli v0.1.0 (/private/tmp/netbaiot-eventbus-c/worktree/apps/netbaiot-cli)
    Checking netbaiot-server v0.1.0 (/private/tmp/netbaiot-eventbus-c/worktree/apps/netbaiot-server)
    Finished `dev` profile [unoptimized + debuginfo] target(s) in 16.87s
