   Compiling smallvec v1.15.2
   Compiling syn v3.0.4
   Compiling syn v2.0.119
   Compiling tracing-core v0.1.36
   Compiling parking_lot_core v0.9.12
   Compiling parking_lot v0.12.5
   Compiling serde_derive v1.0.229
   Compiling thiserror-impl v2.0.20
   Compiling futures-macro v0.3.34
   Compiling tokio-macros v2.7.2
   Compiling async-trait v0.1.92
   Compiling tokio v1.53.1
   Compiling futures-util v0.3.34
   Compiling thiserror v2.0.20
   Compiling tracing-attributes v0.1.31
   Compiling tracing v0.1.44
   Compiling serde v1.0.229
   Compiling netbaiot-protocol v0.1.0 (/tmp/netbaiot-eventbus-lock/baseline-src/crates/netbaiot-protocol)
   Compiling netbaiot-core v0.1.0 (/tmp/netbaiot-eventbus-lock/baseline-src/crates/netbaiot-core)
   Compiling tokio-util v0.7.19
   Compiling netbaiot-runtime v0.1.0 (/tmp/netbaiot-eventbus-lock/baseline-src/crates/netbaiot-runtime)
    Finished `release` profile [optimized] target(s) in 15.24s
     Running unittests src/lib.rs (/tmp/netbaiot-eventbus-lock/baseline-target/release/deps/netbaiot_runtime-441ad488d904c163)

running 1 test
depth=0 take_ns=208/250/458 delay_ns=208/292/417 complete_ns=667/833/958
depth=1000 take_ns=959/1334/1416 delay_ns=5166/6292/12792 complete_ns=667/917/2417
depth=10000 take_ns=4333/5125/12458 delay_ns=25041/29459/57625 complete_ns=375/500/2875
depth=16383 take_ns=6500/6625/8208 delay_ns=36625/39917/45167 complete_ns=333/375/458
test event::tests::eventbus_queue_depth_probe ... ok

test result: ok. 1 passed; 0 failed; 0 ignored; 0 measured; 36 filtered out; finished in 0.17s
