   Compiling proc-macro2 v1.0.107
   Compiling quote v1.0.47
   Compiling unicode-ident v1.0.24
   Compiling libc v0.2.189
   Compiling cfg-if v1.0.4
   Compiling smallvec v1.15.2
   Compiling shlex v2.0.1
   Compiling find-msvc-tools v0.1.11
   Compiling pin-project-lite v0.2.17
   Compiling itoa v1.0.18
   Compiling stable_deref_trait v1.2.1
   Compiling parking_lot_core v0.9.12
   Compiling bytes v1.12.1
   Compiling futures-core v0.3.34
   Compiling scopeguard v1.2.0
   Compiling lock_api v0.4.14
   Compiling serde_core v1.0.229
   Compiling fs_extra v1.3.0
   Compiling once_cell v1.21.4
   Compiling dunce v1.0.5
   Compiling pkg-config v0.3.34
   Compiling version_check v0.9.5
   Compiling futures-task v0.3.34
   Compiling subtle v2.6.1
   Compiling generic-array v0.14.7
   Compiling zeroize v1.9.0
   Compiling slab v0.4.12
   Compiling futures-sink v0.3.34
   Compiling serde v1.0.229
   Compiling zmij v1.0.23
   Compiling tracing-core v0.1.36
   Compiling serde_json v1.0.151
   Compiling aws-lc-rs v1.18.1
   Compiling litemap v0.8.3
   Compiling writeable v0.6.4
   Compiling typenum v1.20.1
   Compiling getrandom v0.4.3
   Compiling syn v3.0.4
   Compiling syn v2.0.119
   Compiling jobserver v0.1.35
   Compiling errno v0.3.14
   Compiling cc v1.4.4
   Compiling parking_lot v0.12.5
   Compiling signal-hook-registry v1.4.8
   Compiling socket2 v0.6.5
   Compiling cmake v0.1.58
   Compiling synstructure v0.13.2
   Compiling mio v1.2.2
   Compiling aws-lc-sys v0.45.0
   Compiling zerovec-derive v0.11.6
   Compiling displaydoc v0.2.7
   Compiling tokio-macros v2.7.2
   Compiling futures-macro v0.3.34
   Compiling tokio v1.53.1
   Compiling serde_derive v1.0.229
   Compiling ring v0.17.14
   Compiling futures-util v0.3.34
   Compiling zerofrom-derive v0.1.7
   Compiling yoke-derive v0.8.2
   Compiling tracing-attributes v0.1.31
   Compiling zerofrom v0.1.8
   Compiling rustls-pki-types v1.15.1
   Compiling http v1.5.0
   Compiling memchr v2.8.3
   Compiling icu_normalizer_data v2.3.0
   Compiling thiserror v2.0.20
   Compiling utf8_iter v1.0.4
   Compiling percent-encoding v2.3.2
   Compiling icu_properties_data v2.3.0
   Compiling http-body v1.1.0
   Compiling tracing v0.1.44
   Compiling yoke v0.8.3
   Compiling thiserror-impl v2.0.20
   Compiling getrandom v0.2.17
   Compiling log v0.4.34
   Compiling untrusted v0.9.0
   Compiling httparse v1.10.1
   Compiling uuid v1.25.0
   Compiling crypto-common v0.1.7
   Compiling block-buffer v0.10.4
   Compiling try-lock v0.2.5
   Compiling rustls v0.23.43
   Compiling tower-service v0.3.3
   Compiling want v0.3.1
   Compiling digest v0.10.7
   Compiling futures-channel v0.3.34
   Compiling httpdate v1.0.3
   Compiling atomic-waker v1.1.2
   Compiling form_urlencoded v1.2.2
   Compiling cpufeatures v0.2.17
   Compiling base64 v0.22.1
   Compiling ipnet v2.12.1
   Compiling sha2 v0.10.9
   Compiling hmac v0.12.1
   Compiling tokio-util v0.7.19
   Compiling async-trait v0.1.92
   Compiling sync_wrapper v1.0.2
   Compiling tower-layer v0.3.3
   Compiling http-body-util v0.1.5
   Compiling tower v0.5.3
   Compiling webpki-roots v1.0.9
   Compiling zerovec v0.11.8
   Compiling zerotrie v0.2.5
   Compiling ryu v1.0.23
   Compiling bitflags v2.13.1
   Compiling serde_urlencoded v0.7.1
   Compiling hyper v1.11.0
   Compiling regex-syntax v0.8.11
   Compiling rustls-pemfile v2.2.0
   Compiling netbaiot-protocol v0.1.0 (/tmp/netbaiot-eventbus-c/baseline-src/crates/netbaiot-protocol)
   Compiling lazy_static v1.5.0
   Compiling sharded-slab v0.1.7
   Compiling tracing-log v0.2.0
   Compiling thread_local v1.1.10
   Compiling hyper-util v0.1.20
   Compiling nu-ansi-term v0.50.3
   Compiling tinystr v0.8.4
   Compiling potential_utf v0.1.6
   Compiling icu_collections v2.3.0
   Compiling icu_locale_core v2.3.0
   Compiling netbaiot-core v0.1.0 (/tmp/netbaiot-eventbus-c/baseline-src/crates/netbaiot-core)
   Compiling netbaiot-runtime v0.1.0 (/tmp/netbaiot-eventbus-c/baseline-src/crates/netbaiot-runtime)
   Compiling regex-automata v0.4.18
   Compiling netbaiot-codecs v0.1.0 (/tmp/netbaiot-eventbus-c/baseline-src/crates/netbaiot-codecs)
   Compiling icu_provider v2.3.1
   Compiling matchers v0.2.0
   Compiling tracing-subscriber v0.3.23
   Compiling icu_properties v2.3.0
   Compiling icu_normalizer v2.3.0
   Compiling idna_adapter v1.2.2
   Compiling idna v1.1.0
   Compiling url v2.5.8
   Compiling tower-http v0.6.11
   Compiling rustls-webpki v0.103.15
   Compiling tokio-rustls v0.26.4
   Compiling hyper-rustls v0.27.9
   Compiling reqwest v0.12.28
   Compiling netbaiot-transports v0.1.0 (/tmp/netbaiot-eventbus-c/baseline-src/crates/netbaiot-transports)
   Compiling netbaiot-server v0.1.0 (/tmp/netbaiot-eventbus-c/baseline-src/apps/netbaiot-server)
   Compiling netbaiot-loadgen v0.1.0 (/tmp/netbaiot-eventbus-c/baseline-src/tools/netbaiot-loadgen)
    Finished `release` profile [optimized] target(s) in 39.78s
