   Compiling smallvec v1.15.2
   Compiling syn v3.0.4
   Compiling syn v2.0.119
   Compiling tracing-core v0.1.36
   Compiling parking_lot_core v0.9.12
   Compiling parking_lot v0.12.5
   Compiling serde_derive v1.0.229
   Compiling thiserror-impl v2.0.20
   Compiling tokio-macros v2.7.2
   Compiling futures-macro v0.3.34
   Compiling async-trait v0.1.92
   Compiling tokio v1.53.1
   Compiling tracing-attributes v0.1.31
   Compiling futures-util v0.3.34
   Compiling thiserror v2.0.20
   Compiling tracing v0.1.44
   Compiling serde v1.0.229
   Compiling tokio-util v0.7.19
   Compiling netbaiot-protocol v0.1.0 (/tmp/netbaiot-eventbus-c/baseline-src/crates/netbaiot-protocol)
   Compiling netbaiot-core v0.1.0 (/tmp/netbaiot-eventbus-c/baseline-src/crates/netbaiot-core)
   Compiling netbaiot-runtime v0.1.0 (/tmp/netbaiot-eventbus-c/baseline-src/crates/netbaiot-runtime)
    Finished `release` profile [optimized] target(s) in 7.87s
     Running unittests src/lib.rs (/tmp/netbaiot-eventbus-c/baseline-target/release/deps/netbaiot_runtime-441ad488d904c163)

running 1 test
depth=0 take_ns=333/416/541 delay_ns=250/292/458 complete_ns=791/875/1084
depth=1000 take_ns=1209/1459/1542 delay_ns=5292/6334/6458 complete_ns=792/1000/1125
depth=10000 take_ns=4375/5166/5209 delay_ns=25042/29291/30250 complete_ns=375/458/500
depth=16383 take_ns=6292/6417/7583 delay_ns=36625/37417/44959 complete_ns=333/375/458
test event::tests::eventbus_queue_depth_probe ... ok

test result: ok. 1 passed; 0 failed; 0 ignored; 0 measured; 40 filtered out; finished in 0.16s
