   Compiling netbaiot-transports v0.1.0 (/Users/sam/Dev/work/sskycn/netbaiot/crates/netbaiot-transports)
    Finished `bench` profile [optimized] target(s) in 3.15s
     Running ../../benches/foundation.rs (target/release/deps/foundation-225460fb663ccec6)
mqtt_decode: 20000 iterations, 5067995 ops/s, p50=167 ns p95=209 ns p99=333 ns
mqtt_encode: 20000 iterations, 8276433 ops/s, p50=84 ns p95=125 ns p99=125 ns
topic_acl: 20000 iterations, 13465366 ops/s, p50=42 ns p95=84 ns p99=84 ns
subscription_lookup: 20000 iterations, 22199603 ops/s, p50=41 ns p95=42 ns p99=42 ns
json_codec: 20000 iterations, 761951 ops/s, p50=1250 ns p95=1333 ns p99=1584 ns
tcp_frame: 20000 iterations, 12413686 ops/s, p50=42 ns p95=84 ns p99=84 ns
ingress_admission: 20000 iterations, 4054191 ops/s, p50=209 ns p95=250 ns p99=292 ns
mqtt_decode_small: 10000 iterations, 5456282 ops/s, p50=167 ns p95=167 ns p99=208 ns
mqtt_decode_medium: 10000 iterations, 4303543 ops/s, p50=208 ns p95=209 ns p99=250 ns
mqtt_decode_maximum: 10000 iterations, 1015259 ops/s, p50=917 ns p95=1417 ns p99=1583 ns
json_codec_small: 10000 iterations, 631873 ops/s, p50=1541 ns p95=1584 ns p99=1875 ns
json_codec_medium: 10000 iterations, 30147 ops/s, p50=32417 ns p95=35166 ns p99=60917 ns
json_codec_maximum: 10000 iterations, 5785 ops/s, p50=170792 ns p95=178875 ns p99=265458 ns
session_lookup_1: 10000 iterations, 15479876 ops/s, p50=42 ns p95=42 ns p99=84 ns
subscription_lookup_1: 10000 iterations, 22682166 ops/s, p50=41 ns p95=42 ns p99=42 ns
topic_acl_1: 10000 iterations, 8622548 ops/s, p50=84 ns p95=125 ns p99=125 ns
ingress_bookkeeping_1: 10000 iterations, 4169199 ops/s, p50=208 ns p95=250 ns p99=250 ns
session_lookup_64: 10000 iterations, 15728414 ops/s, p50=42 ns p95=42 ns p99=84 ns
subscription_lookup_64: 10000 iterations, 22189333 ops/s, p50=41 ns p95=42 ns p99=42 ns
topic_acl_64: 10000 iterations, 8381935 ops/s, p50=84 ns p95=125 ns p99=125 ns
ingress_bookkeeping_64: 10000 iterations, 692313 ops/s, p50=1416 ns p95=1542 ns p99=1791 ns
session_lookup_256: 10000 iterations, 15777002 ops/s, p50=42 ns p95=42 ns p99=83 ns
subscription_lookup_256: 10000 iterations, 21491880 ops/s, p50=41 ns p95=42 ns p99=42 ns
topic_acl_256: 10000 iterations, 8268447 ops/s, p50=84 ns p95=125 ns p99=125 ns
ingress_bookkeeping_256: 10000 iterations, 191226 ops/s, p50=5167 ns p95=5292 ns p99=5500 ns
layout_bytes: session_endpoint=72 queued_command=112 device_message=152 command_record=144
