   Compiling netbaiot-transports v0.1.0 (/Users/sam/Dev/work/sskycn/netbaiot/crates/netbaiot-transports)
    Finished `bench` profile [optimized] target(s) in 3.76s
     Running ../../benches/foundation.rs (target/release/deps/foundation-225460fb663ccec6)
mqtt_decode: 20000 iterations, 5422810 ops/s, p50=166 ns p95=167 ns p99=333 ns
mqtt_encode: 20000 iterations, 7951496 ops/s, p50=125 ns p95=125 ns p99=125 ns
topic_acl: 20000 iterations, 13343341 ops/s, p50=42 ns p95=84 ns p99=84 ns
subscription_lookup: 20000 iterations, 18280149 ops/s, p50=41 ns p95=42 ns p99=83 ns
json_codec: 20000 iterations, 751308 ops/s, p50=1250 ns p95=1500 ns p99=1625 ns
tcp_frame: 20000 iterations, 12104098 ops/s, p50=42 ns p95=84 ns p99=84 ns
ingress_admission: 20000 iterations, 3909782 ops/s, p50=209 ns p95=292 ns p99=292 ns
mqtt_decode_small: 10000 iterations, 5139626 ops/s, p50=167 ns p95=208 ns p99=334 ns
mqtt_decode_medium: 10000 iterations, 4355955 ops/s, p50=208 ns p95=209 ns p99=250 ns
mqtt_decode_maximum: 10000 iterations, 1022060 ops/s, p50=833 ns p95=1583 ns p99=1750 ns
json_codec_small: 10000 iterations, 607387 ops/s, p50=1583 ns p95=1667 ns p99=2000 ns
json_codec_medium: 10000 iterations, 29924 ops/s, p50=32042 ns p95=36334 ns p99=64084 ns
json_codec_maximum: 10000 iterations, 5481 ops/s, p50=172125 ns p95=192084 ns p99=325500 ns
session_lookup_1: 10000 iterations, 14584339 ops/s, p50=42 ns p95=83 ns p99=84 ns
subscription_lookup_1: 10000 iterations, 19141797 ops/s, p50=41 ns p95=42 ns p99=84 ns
topic_acl_1: 10000 iterations, 5859377 ops/s, p50=84 ns p95=250 ns p99=250 ns
ingress_bookkeeping_1: 10000 iterations, 2242131 ops/s, p50=458 ns p95=500 ns p99=583 ns
session_lookup_64: 10000 iterations, 14795635 ops/s, p50=42 ns p95=42 ns p99=84 ns
subscription_lookup_64: 10000 iterations, 22230472 ops/s, p50=41 ns p95=42 ns p99=42 ns
topic_acl_64: 10000 iterations, 6627090 ops/s, p50=125 ns p95=167 ns p99=250 ns
ingress_bookkeeping_64: 10000 iterations, 620895 ops/s, p50=1417 ns p95=1541 ns p99=2750 ns
session_lookup_256: 10000 iterations, 15175474 ops/s, p50=42 ns p95=42 ns p99=84 ns
subscription_lookup_256: 10000 iterations, 22046633 ops/s, p50=41 ns p95=42 ns p99=42 ns
topic_acl_256: 10000 iterations, 8020320 ops/s, p50=84 ns p95=125 ns p99=167 ns
ingress_bookkeeping_256: 10000 iterations, 189248 ops/s, p50=5167 ns p95=5334 ns p99=6416 ns
layout_bytes: session_endpoint=72 queued_command=112 device_message=152 command_record=144
