    Finished `bench` profile [optimized] target(s) in 0.13s
     Running ../../benches/foundation.rs (/tmp/netbaiot-audit-base/target/release/deps/foundation-e0e6e0fb6c4186e8)
mqtt_decode: 20000 iterations, 6064741 ops/s, p50=125 ns p95=167 ns p99=292 ns
mqtt_encode: 20000 iterations, 9156809 ops/s, p50=83 ns p95=125 ns p99=125 ns
topic_acl: 20000 iterations, 13124436 ops/s, p50=42 ns p95=84 ns p99=84 ns
subscription_lookup: 20000 iterations, 15956382 ops/s, p50=41 ns p95=42 ns p99=84 ns
json_codec: 20000 iterations, 696581 ops/s, p50=1292 ns p95=2084 ns p99=2125 ns
tcp_frame: 20000 iterations, 12002100 ops/s, p50=42 ns p95=84 ns p99=125 ns
ingress_admission: 20000 iterations, 3668210 ops/s, p50=209 ns p95=458 ns p99=500 ns
mqtt_decode_small: 10000 iterations, 6180787 ops/s, p50=125 ns p95=167 ns p99=167 ns
mqtt_decode_medium: 10000 iterations, 4941627 ops/s, p50=167 ns p95=209 ns p99=209 ns
mqtt_decode_maximum: 10000 iterations, 774793 ops/s, p50=1292 ns p95=1542 ns p99=1833 ns
json_codec_small: 10000 iterations, 620174 ops/s, p50=1542 ns p95=1750 ns p99=2041 ns
json_codec_medium: 10000 iterations, 30863 ops/s, p50=31666 ns p95=34458 ns p99=56792 ns
json_codec_maximum: 10000 iterations, 5656 ops/s, p50=171084 ns p95=192750 ns p99=321834 ns
session_lookup_1: 10000 iterations, 12716579 ops/s, p50=42 ns p95=83 ns p99=125 ns
subscription_lookup_1: 10000 iterations, 17376195 ops/s, p50=41 ns p95=42 ns p99=83 ns
topic_acl_1: 10000 iterations, 8299905 ops/s, p50=84 ns p95=125 ns p99=125 ns
ingress_bookkeeping_1: 10000 iterations, 4038772 ops/s, p50=209 ns p95=250 ns p99=250 ns
session_lookup_64: 10000 iterations, 15370829 ops/s, p50=42 ns p95=83 ns p99=84 ns
subscription_lookup_64: 10000 iterations, 22203719 ops/s, p50=41 ns p95=42 ns p99=42 ns
topic_acl_64: 10000 iterations, 8314563 ops/s, p50=84 ns p95=125 ns p99=125 ns
ingress_bookkeeping_64: 10000 iterations, 698932 ops/s, p50=1416 ns p95=1459 ns p99=1750 ns
session_lookup_256: 10000 iterations, 15608733 ops/s, p50=42 ns p95=42 ns p99=83 ns
subscription_lookup_256: 10000 iterations, 22581876 ops/s, p50=41 ns p95=42 ns p99=42 ns
topic_acl_256: 10000 iterations, 8332757 ops/s, p50=84 ns p95=125 ns p99=125 ns
ingress_bookkeeping_256: 10000 iterations, 193836 ops/s, p50=5042 ns p95=6084 ns p99=6417 ns
layout_bytes: session_endpoint=72 queued_command=96 device_message=152 command_record=128
