    Finished `bench` profile [optimized] target(s) in 0.15s
     Running ../../benches/foundation.rs (target/release/deps/foundation-225460fb663ccec6)
mqtt_decode: 20000 iterations, 5169017 ops/s, p50=167 ns p95=208 ns p99=209 ns
mqtt_encode: 20000 iterations, 7148070 ops/s, p50=125 ns p95=125 ns p99=125 ns
topic_acl: 20000 iterations, 12137152 ops/s, p50=42 ns p95=84 ns p99=84 ns
subscription_lookup: 20000 iterations, 20174001 ops/s, p50=41 ns p95=42 ns p99=42 ns
json_codec: 20000 iterations, 744438 ops/s, p50=1292 ns p95=1417 ns p99=1583 ns
tcp_frame: 20000 iterations, 11991903 ops/s, p50=42 ns p95=84 ns p99=84 ns
ingress_admission: 20000 iterations, 4140716 ops/s, p50=209 ns p95=250 ns p99=291 ns
mqtt_decode_small: 10000 iterations, 5519906 ops/s, p50=167 ns p95=208 ns p99=209 ns
mqtt_decode_medium: 10000 iterations, 4282730 ops/s, p50=208 ns p95=250 ns p99=250 ns
mqtt_decode_maximum: 10000 iterations, 774428 ops/s, p50=1250 ns p95=1459 ns p99=1583 ns
json_codec_small: 10000 iterations, 646977 ops/s, p50=1500 ns p95=1584 ns p99=1750 ns
json_codec_medium: 10000 iterations, 29792 ops/s, p50=32709 ns p95=36125 ns p99=62125 ns
json_codec_maximum: 10000 iterations, 5697 ops/s, p50=172083 ns p95=187916 ns p99=276625 ns
session_lookup_1: 10000 iterations, 13417560 ops/s, p50=42 ns p95=83 ns p99=125 ns
subscription_lookup_1: 10000 iterations, 22273798 ops/s, p50=41 ns p95=42 ns p99=42 ns
topic_acl_1: 10000 iterations, 7780587 ops/s, p50=125 ns p95=125 ns p99=125 ns
ingress_bookkeeping_1: 10000 iterations, 3336392 ops/s, p50=250 ns p95=500 ns p99=500 ns
session_lookup_64: 10000 iterations, 15454947 ops/s, p50=42 ns p95=42 ns p99=84 ns
subscription_lookup_64: 10000 iterations, 21776577 ops/s, p50=41 ns p95=42 ns p99=42 ns
topic_acl_64: 10000 iterations, 7943865 ops/s, p50=125 ns p95=125 ns p99=125 ns
ingress_bookkeeping_64: 10000 iterations, 661368 ops/s, p50=1417 ns p95=2166 ns p99=2250 ns
session_lookup_256: 10000 iterations, 15564202 ops/s, p50=42 ns p95=42 ns p99=83 ns
subscription_lookup_256: 10000 iterations, 22230423 ops/s, p50=41 ns p95=42 ns p99=42 ns
topic_acl_256: 10000 iterations, 7601187 ops/s, p50=84 ns p95=125 ns p99=250 ns
ingress_bookkeeping_256: 10000 iterations, 182807 ops/s, p50=5167 ns p95=7709 ns p99=7958 ns
layout_bytes: session_endpoint=72 queued_command=112 device_message=152 command_record=144
