    Finished `bench` profile [optimized] target(s) in 0.17s
     Running ../../benches/foundation.rs (target/release/deps/foundation-225460fb663ccec6)
mqtt_decode: 20000 iterations, 4471106 ops/s, p50=208 ns p95=209 ns p99=250 ns
mqtt_encode: 20000 iterations, 6563833 ops/s, p50=125 ns p95=125 ns p99=167 ns
topic_acl: 20000 iterations, 12823250 ops/s, p50=42 ns p95=84 ns p99=84 ns
subscription_lookup: 20000 iterations, 19440294 ops/s, p50=41 ns p95=42 ns p99=42 ns
json_codec: 20000 iterations, 708122 ops/s, p50=1334 ns p95=1500 ns p99=2083 ns
tcp_frame: 20000 iterations, 12288786 ops/s, p50=42 ns p95=84 ns p99=84 ns
ingress_admission: 20000 iterations, 3995971 ops/s, p50=209 ns p95=250 ns p99=292 ns
mqtt_decode_small: 10000 iterations, 5274148 ops/s, p50=167 ns p95=167 ns p99=209 ns
mqtt_decode_medium: 10000 iterations, 4402620 ops/s, p50=208 ns p95=209 ns p99=250 ns
mqtt_decode_maximum: 10000 iterations, 1025352 ops/s, p50=958 ns p95=1042 ns p99=1583 ns
json_codec_small: 10000 iterations, 642037 ops/s, p50=1500 ns p95=1625 ns p99=1875 ns
json_codec_medium: 10000 iterations, 31103 ops/s, p50=31666 ns p95=34375 ns p99=39458 ns
json_codec_maximum: 10000 iterations, 5826 ops/s, p50=169667 ns p95=179167 ns p99=202625 ns
session_lookup_1: 10000 iterations, 15186974 ops/s, p50=42 ns p95=83 ns p99=84 ns
subscription_lookup_1: 10000 iterations, 22185247 ops/s, p50=41 ns p95=42 ns p99=42 ns
topic_acl_1: 10000 iterations, 8835874 ops/s, p50=83 ns p95=125 ns p99=125 ns
ingress_bookkeeping_1: 10000 iterations, 4245684 ops/s, p50=208 ns p95=250 ns p99=250 ns
session_lookup_64: 10000 iterations, 15186029 ops/s, p50=42 ns p95=83 ns p99=84 ns
subscription_lookup_64: 10000 iterations, 22692872 ops/s, p50=41 ns p95=42 ns p99=42 ns
topic_acl_64: 10000 iterations, 8156327 ops/s, p50=84 ns p95=125 ns p99=125 ns
ingress_bookkeeping_64: 10000 iterations, 685769 ops/s, p50=1417 ns p95=1459 ns p99=1542 ns
session_lookup_256: 10000 iterations, 14238240 ops/s, p50=42 ns p95=83 ns p99=84 ns
subscription_lookup_256: 10000 iterations, 22127957 ops/s, p50=41 ns p95=42 ns p99=42 ns
topic_acl_256: 10000 iterations, 8264463 ops/s, p50=84 ns p95=125 ns p99=125 ns
ingress_bookkeeping_256: 10000 iterations, 193373 ops/s, p50=5042 ns p95=5292 ns p99=7667 ns
layout_bytes: session_endpoint=72 queued_command=112 device_message=152 command_record=144
