    Finished `bench` profile [optimized] target(s) in 0.14s
     Running ../../benches/foundation.rs (/tmp/netbaiot-audit-base/target/release/deps/foundation-e0e6e0fb6c4186e8)
mqtt_decode: 20000 iterations, 6399914 ops/s, p50=125 ns p95=167 ns p99=167 ns
mqtt_encode: 20000 iterations, 6709626 ops/s, p50=84 ns p95=208 ns p99=209 ns
topic_acl: 20000 iterations, 12911556 ops/s, p50=42 ns p95=84 ns p99=125 ns
subscription_lookup: 20000 iterations, 19294162 ops/s, p50=41 ns p95=42 ns p99=84 ns
json_codec: 20000 iterations, 641289 ops/s, p50=1292 ns p95=2084 ns p99=2208 ns
tcp_frame: 20000 iterations, 7018568 ops/s, p50=83 ns p95=125 ns p99=167 ns
ingress_admission: 20000 iterations, 3385050 ops/s, p50=209 ns p95=459 ns p99=500 ns
mqtt_decode_small: 10000 iterations, 5550030 ops/s, p50=125 ns p95=167 ns p99=292 ns
mqtt_decode_medium: 10000 iterations, 4372540 ops/s, p50=167 ns p95=375 ns p99=417 ns
mqtt_decode_maximum: 10000 iterations, 799590 ops/s, p50=1084 ns p95=1416 ns p99=2458 ns
json_codec_small: 10000 iterations, 476458 ops/s, p50=1542 ns p95=2834 ns p99=12167 ns
json_codec_medium: 10000 iterations, 29274 ops/s, p50=31833 ns p95=58792 ns p99=73959 ns
json_codec_maximum: 10000 iterations, 5566 ops/s, p50=172250 ns p95=214542 ns p99=324833 ns
session_lookup_1: 10000 iterations, 15233267 ops/s, p50=42 ns p95=83 ns p99=84 ns
subscription_lookup_1: 10000 iterations, 22352612 ops/s, p50=41 ns p95=42 ns p99=42 ns
topic_acl_1: 10000 iterations, 8686211 ops/s, p50=84 ns p95=125 ns p99=125 ns
ingress_bookkeeping_1: 10000 iterations, 4067038 ops/s, p50=209 ns p95=250 ns p99=250 ns
session_lookup_64: 10000 iterations, 15411289 ops/s, p50=42 ns p95=42 ns p99=84 ns
subscription_lookup_64: 10000 iterations, 20609675 ops/s, p50=41 ns p95=42 ns p99=42 ns
topic_acl_64: 10000 iterations, 7916610 ops/s, p50=84 ns p95=125 ns p99=125 ns
ingress_bookkeeping_64: 10000 iterations, 691447 ops/s, p50=1417 ns p95=1459 ns p99=1542 ns
session_lookup_256: 10000 iterations, 15478870 ops/s, p50=42 ns p95=42 ns p99=84 ns
subscription_lookup_256: 10000 iterations, 22081148 ops/s, p50=41 ns p95=42 ns p99=42 ns
topic_acl_256: 10000 iterations, 8190847 ops/s, p50=84 ns p95=125 ns p99=125 ns
ingress_bookkeeping_256: 10000 iterations, 191236 ops/s, p50=5125 ns p95=5292 ns p99=7209 ns
layout_bytes: session_endpoint=72 queued_command=96 device_message=152 command_record=128
