    Finished `bench` profile [optimized] target(s) in 0.13s
     Running ../../benches/foundation.rs (target/release/deps/foundation-225460fb663ccec6)
mqtt_decode: 20000 iterations, 5503830 ops/s, p50=167 ns p95=167 ns p99=208 ns
mqtt_encode: 20000 iterations, 7800437 ops/s, p50=125 ns p95=125 ns p99=125 ns
topic_acl: 20000 iterations, 13287200 ops/s, p50=42 ns p95=84 ns p99=84 ns
subscription_lookup: 20000 iterations, 22176022 ops/s, p50=41 ns p95=42 ns p99=42 ns
json_codec: 20000 iterations, 759237 ops/s, p50=1291 ns p95=1375 ns p99=1541 ns
tcp_frame: 20000 iterations, 12105622 ops/s, p50=42 ns p95=84 ns p99=84 ns
ingress_admission: 20000 iterations, 4044115 ops/s, p50=209 ns p95=250 ns p99=292 ns
mqtt_decode_small: 10000 iterations, 5285178 ops/s, p50=167 ns p95=167 ns p99=209 ns
mqtt_decode_medium: 10000 iterations, 4278608 ops/s, p50=208 ns p95=250 ns p99=250 ns
mqtt_decode_maximum: 10000 iterations, 1165892 ops/s, p50=833 ns p95=917 ns p99=959 ns
json_codec_small: 10000 iterations, 626254 ops/s, p50=1542 ns p95=1625 ns p99=1917 ns
json_codec_medium: 10000 iterations, 30060 ops/s, p50=32416 ns p95=34833 ns p99=61542 ns
json_codec_maximum: 10000 iterations, 5656 ops/s, p50=173834 ns p95=188333 ns p99=283583 ns
session_lookup_1: 10000 iterations, 15281757 ops/s, p50=42 ns p95=83 ns p99=84 ns
subscription_lookup_1: 10000 iterations, 20569064 ops/s, p50=41 ns p95=42 ns p99=42 ns
topic_acl_1: 10000 iterations, 8311115 ops/s, p50=84 ns p95=125 ns p99=125 ns
ingress_bookkeeping_1: 10000 iterations, 3968778 ops/s, p50=209 ns p95=250 ns p99=292 ns
session_lookup_64: 10000 iterations, 14788349 ops/s, p50=42 ns p95=42 ns p99=84 ns
subscription_lookup_64: 10000 iterations, 22402688 ops/s, p50=41 ns p95=42 ns p99=42 ns
topic_acl_64: 10000 iterations, 8166045 ops/s, p50=84 ns p95=125 ns p99=125 ns
ingress_bookkeeping_64: 10000 iterations, 574634 ops/s, p50=1458 ns p95=2250 ns p99=2334 ns
session_lookup_256: 10000 iterations, 15195652 ops/s, p50=42 ns p95=83 ns p99=84 ns
subscription_lookup_256: 10000 iterations, 22042600 ops/s, p50=41 ns p95=42 ns p99=42 ns
topic_acl_256: 10000 iterations, 8058284 ops/s, p50=84 ns p95=125 ns p99=166 ns
ingress_bookkeeping_256: 10000 iterations, 190853 ops/s, p50=5167 ns p95=5292 ns p99=5542 ns
layout_bytes: session_endpoint=72 queued_command=112 device_message=152 command_record=144
