    Finished `release` profile [optimized] target(s) in 0.06s
     Running unittests src/lib.rs (target/release/deps/netbaiot_transports-4651fe9140a278c8)

running 1 test
test mqtt::broker::hotspot_bench::retained_lookup_scaling ... HOTSPOT,retained_exact,1000,1,3973489,250,250,292
HOTSPOT,retained_exact,1000,2,3731343,250,334,334
HOTSPOT,retained_exact,1000,3,3602539,250,292,333
HOTSPOT,retained_plus,1000,1,4569,218584,229583,308000
HOTSPOT,retained_plus,1000,2,4626,216417,226583,268708
HOTSPOT,retained_plus,1000,3,4509,221250,228416,300916
HOTSPOT,retained_selective_hash,1000,1,4762,206917,214541,331834
HOTSPOT,retained_selective_hash,1000,2,4770,207708,224500,307250
HOTSPOT,retained_selective_hash,1000,3,4883,204458,212333,273000
HOTSPOT,retained_broad_hash,1000,1,7163,127250,261958,374292
HOTSPOT,retained_broad_hash,1000,2,7300,126584,158791,312042
HOTSPOT,retained_broad_hash,1000,3,7743,126458,134333,291750
HOTSPOT,retained_exact,4000,1,3844912,250,250,292
HOTSPOT,retained_exact,4000,2,3021148,291,292,459
HOTSPOT,retained_exact,4000,3,2810963,250,292,583
HOTSPOT,retained_plus,4000,1,1127,879375,986291,1084292
HOTSPOT,retained_plus,4000,2,1097,874375,1088291,2012333
HOTSPOT,retained_plus,4000,3,1128,878375,990833,1117416
HOTSPOT,retained_selective_hash,4000,1,1180,818583,950875,1726416
HOTSPOT,retained_selective_hash,4000,2,1198,825625,974208,1230625
HOTSPOT,retained_selective_hash,4000,3,1165,807333,996042,1839625
HOTSPOT,retained_broad_hash,4000,1,1933,512250,547625,692125
HOTSPOT,retained_broad_hash,4000,2,1936,508125,557666,782667
HOTSPOT,retained_broad_hash,4000,3,1984,502584,528083,589917
ok

test result: ok. 1 passed; 0 failed; 0 ignored; 0 measured; 131 filtered out; finished in 4.29s

