   Compiling netbaiot-runtime v0.1.0 (/Users/sam/Dev/work/sskycn/netbaiot/crates/netbaiot-runtime)
   Compiling netbaiot-storage v0.1.0 (/Users/sam/Dev/work/sskycn/netbaiot/crates/netbaiot-storage)
   Compiling netbaiot-transports v0.1.0 (/Users/sam/Dev/work/sskycn/netbaiot/crates/netbaiot-transports)
   Compiling netbaiot-server v0.1.0 (/Users/sam/Dev/work/sskycn/netbaiot/apps/netbaiot-server)
    Finished `test` profile [unoptimized + debuginfo] target(s) in 2.82s
     Running unittests src/lib.rs (target/debug/deps/netbaiot_codecs-f5f01d8d558017a8)

running 0 tests

test result: ok. 0 passed; 0 failed; 0 ignored; 0 measured; 2 filtered out; finished in 0.00s

     Running unittests src/lib.rs (target/debug/deps/netbaiot_core-fde6234a6ab151c5)

running 0 tests

test result: ok. 0 passed; 0 failed; 0 ignored; 0 measured; 1 filtered out; finished in 0.00s

     Running unittests src/lib.rs (target/debug/deps/netbaiot_runtime-26c0d053d4221041)

running 1 test
test sessions::tests::audit_tenant_budget_survives_superseded_queue ... FAILED

failures:

---- sessions::tests::audit_tenant_budget_survives_superseded_queue stdout ----

thread 'sessions::tests::audit_tenant_budget_survives_superseded_queue' (2246483) panicked at crates/netbaiot-runtime/src/sessions.rs:309:9:
assertion failed: matches!(ep.enqueue(c.clone(), vec![0]), Err(Error::Overloaded))
note: run with `RUST_BACKTRACE=1` environment variable to display a backtrace


failures:
    sessions::tests::audit_tenant_budget_survives_superseded_queue

test result: FAILED. 0 passed; 1 failed; 0 ignored; 0 measured; 6 filtered out; finished in 0.00s

error: test failed, to rerun pass `-p netbaiot-runtime --lib`
