    Finished `bench` profile [optimized + debuginfo] target(s) in 0.07s
     Running ../../benches/foundation.rs (target/release/deps/foundation-15bfddf0aabf1763)
mqtt_decode: 20000 iterations, 5846457 ops/s, p50=166 ns p95=167 ns p99=208 ns
mqtt_encode: 20000 iterations, 8052745 ops/s, p50=84 ns p95=125 ns p99=125 ns
topic_acl: 20000 iterations, 15074907 ops/s, p50=42 ns p95=83 ns p99=84 ns
subscription_lookup: 20000 iterations, 23764710 ops/s, p50=41 ns p95=42 ns p99=42 ns
json_codec: 20000 iterations, 812510 ops/s, p50=1208 ns p95=1292 ns p99=1542 ns
tcp_frame: 20000 iterations, 12833190 ops/s, p50=42 ns p95=84 ns p99=84 ns
ingress_admission: 20000 iterations, 4219075 ops/s, p50=208 ns p95=250 ns p99=250 ns
mqtt_decode_small: 10000 iterations, 5654375 ops/s, p50=166 ns p95=167 ns p99=167 ns
mqtt_decode_medium: 10000 iterations, 4334243 ops/s, p50=208 ns p95=250 ns p99=292 ns
mqtt_decode_maximum: 10000 iterations, 757153 ops/s, p50=1375 ns p95=1584 ns p99=1792 ns
json_codec_small: 10000 iterations, 647597 ops/s, p50=1500 ns p95=1625 ns p99=1958 ns
json_codec_medium: 10000 iterations, 31782 ops/s, p50=31209 ns p95=32542 ns p99=37667 ns
json_codec_maximum: 10000 iterations, 5999 ops/s, p50=166875 ns p95=173625 ns p99=201375 ns
session_lookup_1: 10000 iterations, 15756319 ops/s, p50=42 ns p95=42 ns p99=83 ns
subscription_lookup_1: 10000 iterations, 22942357 ops/s, p50=41 ns p95=42 ns p99=42 ns
topic_acl_1: 10000 iterations, 8346960 ops/s, p50=84 ns p95=125 ns p99=125 ns
ingress_bookkeeping_1: 10000 iterations, 4338788 ops/s, p50=208 ns p95=250 ns p99=250 ns
session_lookup_64: 10000 iterations, 16198687 ops/s, p50=42 ns p95=42 ns p99=83 ns
subscription_lookup_64: 10000 iterations, 23531682 ops/s, p50=41 ns p95=42 ns p99=42 ns
topic_acl_64: 10000 iterations, 8527272 ops/s, p50=84 ns p95=125 ns p99=125 ns
ingress_bookkeeping_64: 10000 iterations, 728356 ops/s, p50=1375 ns p95=1417 ns p99=1542 ns
session_lookup_256: 10000 iterations, 15972323 ops/s, p50=42 ns p95=42 ns p99=83 ns
subscription_lookup_256: 10000 iterations, 23137008 ops/s, p50=41 ns p95=42 ns p99=42 ns
topic_acl_256: 10000 iterations, 7973159 ops/s, p50=125 ns p95=125 ns p99=125 ns
ingress_bookkeeping_256: 10000 iterations, 204600 ops/s, p50=5000 ns p95=5084 ns p99=5709 ns
layout_bytes: session_endpoint=72 queued_command=112 device_message=152 command_record=144
