    Finished `bench` profile [optimized + debuginfo] target(s) in 0.07s
     Running ../../benches/foundation.rs (target/release/deps/foundation-15bfddf0aabf1763)
mqtt_decode: 20000 iterations, 5855944 ops/s, p50=166 ns p95=167 ns p99=167 ns
mqtt_encode: 20000 iterations, 8113863 ops/s, p50=84 ns p95=125 ns p99=125 ns
topic_acl: 20000 iterations, 12474334 ops/s, p50=42 ns p95=84 ns p99=84 ns
subscription_lookup: 20000 iterations, 22818026 ops/s, p50=41 ns p95=42 ns p99=42 ns
json_codec: 20000 iterations, 816643 ops/s, p50=1208 ns p95=1292 ns p99=1500 ns
tcp_frame: 20000 iterations, 12690355 ops/s, p50=42 ns p95=84 ns p99=84 ns
ingress_admission: 20000 iterations, 4241482 ops/s, p50=208 ns p95=250 ns p99=292 ns
mqtt_decode_small: 10000 iterations, 5606692 ops/s, p50=167 ns p95=167 ns p99=167 ns
mqtt_decode_medium: 10000 iterations, 4520029 ops/s, p50=208 ns p95=209 ns p99=250 ns
mqtt_decode_maximum: 10000 iterations, 893080 ops/s, p50=1083 ns p95=1708 ns p99=2250 ns
json_codec_small: 10000 iterations, 656396 ops/s, p50=1500 ns p95=1625 ns p99=1917 ns
json_codec_medium: 10000 iterations, 32122 ops/s, p50=31083 ns p95=31917 ns p99=34917 ns
json_codec_maximum: 10000 iterations, 6003 ops/s, p50=167125 ns p95=172500 ns p99=200375 ns
session_lookup_1: 10000 iterations, 16433854 ops/s, p50=42 ns p95=42 ns p99=84 ns
subscription_lookup_1: 10000 iterations, 23774146 ops/s, p50=41 ns p95=42 ns p99=42 ns
topic_acl_1: 10000 iterations, 8393374 ops/s, p50=84 ns p95=125 ns p99=125 ns
ingress_bookkeeping_1: 10000 iterations, 4162043 ops/s, p50=209 ns p95=250 ns p99=250 ns
session_lookup_64: 10000 iterations, 15887718 ops/s, p50=42 ns p95=42 ns p99=83 ns
subscription_lookup_64: 10000 iterations, 22984067 ops/s, p50=41 ns p95=42 ns p99=42 ns
topic_acl_64: 10000 iterations, 8386623 ops/s, p50=84 ns p95=125 ns p99=125 ns
ingress_bookkeeping_64: 10000 iterations, 733546 ops/s, p50=1375 ns p95=1417 ns p99=1500 ns
session_lookup_256: 10000 iterations, 15804030 ops/s, p50=42 ns p95=42 ns p99=83 ns
subscription_lookup_256: 10000 iterations, 23571008 ops/s, p50=41 ns p95=42 ns p99=42 ns
topic_acl_256: 10000 iterations, 8084617 ops/s, p50=84 ns p95=125 ns p99=125 ns
ingress_bookkeeping_256: 10000 iterations, 204023 ops/s, p50=5000 ns p95=5083 ns p99=6000 ns
layout_bytes: session_endpoint=72 queued_command=112 device_message=152 command_record=144
