    Finished `bench` profile [optimized + debuginfo] target(s) in 0.07s
     Running ../../benches/foundation.rs (target/release/deps/foundation-15bfddf0aabf1763)
mqtt_decode: 20000 iterations, 5425078 ops/s, p50=167 ns p95=167 ns p99=209 ns
mqtt_encode: 20000 iterations, 7853917 ops/s, p50=125 ns p95=125 ns p99=125 ns
topic_acl: 20000 iterations, 14579470 ops/s, p50=42 ns p95=83 ns p99=84 ns
subscription_lookup: 20000 iterations, 22167837 ops/s, p50=41 ns p95=42 ns p99=42 ns
json_codec: 20000 iterations, 766173 ops/s, p50=1250 ns p95=1334 ns p99=1583 ns
tcp_frame: 20000 iterations, 12401178 ops/s, p50=42 ns p95=84 ns p99=84 ns
ingress_admission: 20000 iterations, 3721420 ops/s, p50=209 ns p95=250 ns p99=459 ns
mqtt_decode_small: 10000 iterations, 3743625 ops/s, p50=208 ns p95=334 ns p99=417 ns
mqtt_decode_medium: 10000 iterations, 4259096 ops/s, p50=208 ns p95=250 ns p99=250 ns
mqtt_decode_maximum: 10000 iterations, 834260 ops/s, p50=1084 ns p95=1584 ns p99=2417 ns
json_codec_small: 10000 iterations, 612165 ops/s, p50=1542 ns p95=1667 ns p99=2791 ns
json_codec_medium: 10000 iterations, 31344 ops/s, p50=31584 ns p95=33333 ns p99=37375 ns
json_codec_maximum: 10000 iterations, 5786 ops/s, p50=170833 ns p95=177708 ns p99=219375 ns
session_lookup_1: 10000 iterations, 15547070 ops/s, p50=42 ns p95=42 ns p99=84 ns
subscription_lookup_1: 10000 iterations, 22547914 ops/s, p50=41 ns p95=42 ns p99=42 ns
topic_acl_1: 10000 iterations, 8299044 ops/s, p50=84 ns p95=125 ns p99=125 ns
ingress_bookkeeping_1: 10000 iterations, 4054464 ops/s, p50=209 ns p95=250 ns p99=292 ns
session_lookup_64: 10000 iterations, 15581372 ops/s, p50=42 ns p95=42 ns p99=84 ns
subscription_lookup_64: 10000 iterations, 22688599 ops/s, p50=41 ns p95=42 ns p99=42 ns
topic_acl_64: 10000 iterations, 8360330 ops/s, p50=84 ns p95=125 ns p99=125 ns
ingress_bookkeeping_64: 10000 iterations, 686399 ops/s, p50=1417 ns p95=1459 ns p99=1750 ns
session_lookup_256: 10000 iterations, 15316868 ops/s, p50=42 ns p95=42 ns p99=84 ns
subscription_lookup_256: 10000 iterations, 22579735 ops/s, p50=41 ns p95=42 ns p99=42 ns
topic_acl_256: 10000 iterations, 8075098 ops/s, p50=84 ns p95=125 ns p99=125 ns
ingress_bookkeeping_256: 10000 iterations, 192877 ops/s, p50=5125 ns p95=5250 ns p99=6333 ns
layout_bytes: session_endpoint=72 queued_command=112 device_message=152 command_record=144
